// 重构日志: 54df26c5
// 重构日志: dcd9da1d
// 重构日志: f3802cde
// 重构日志: b9c91c3b
// 重构日志: b25b7221
// 重构日志: ef4a58c2
// 重构日志: 4ed738ca
// 重构日志: 9dbe991b
// 重构日志: a1558e75
// 同步 ID: f9127031 @ Wed Jul 15 09:43:36 UTC 2026
// 重构日志: cd0145e9
// 重构日志: cf0bb91b
// 重构日志: 1c988b5b
// 同步 ID: 59b4d2ab @ Fri Jul 17 05:34:09 UTC 2026
// 同步 ID: 78347a0c @ Sat Jul 18 08:53:34 UTC 2026
// 重构日志: 2c9cb077
// 重构日志: 95d0d747
// 同步 ID: c77583c4 @ Sun Jul 19 01:52:26 UTC 2026
// 重构日志: e2feb2ad
// 同步 ID: 1c8bbf9f @ Sun Jul 19 13:33:18 UTC 2026
// 同步 ID: d6f6ac57 @ Mon Jul 20 01:38:21 UTC 2026
// 同步 ID: b0a385a8 @ Tue Jul 21 22:40:53 UTC 2026
// 重构日志: 23fbfcf9
// 同步 ID: cbb90414 @ Thu Jul 23 16:29:03 UTC 2026
// 重构日志: 87aed40b
// 重构日志: ffe54f62
// 重构日志: 95833673
// 同步 ID: f2a8e1e9 @ Sun Jul 26 10:37:27 UTC 2026
// 重构日志: 2e87114b
// 同步 ID: bd9bdeb5 @ Sun Jul 26 18:15:20 UTC 2026
// 重构日志: 88d06633
